// Jest Snapshot v1, https://goo.gl/fbAQLP

exports[`APP should render the component 1`] = `
<DocumentFragment>
  <div>
    <p
      class="loading"
      style="color: green; display: none;"
    >
      loading.....
    </p>
    <form
      class="form"
    >
      <h1>
        Sign in
      </h1>
       
      <br />
      <span
        style="color: red;"
      />
       
      <br />
      <label
        for=""
      >
        Email
      </label>
      <br />
      <input
        aria-label="email"
        name="email"
        placeholder="email"
        type="email"
      />
      <br />
      <span
        style="color: red;"
      />
      <br />
       
      <br />
      <label
        for=""
      >
        Password
      </label>
       
      <br />
      <input
        aria-label="password"
        name="password"
        placeholder="password"
        type="password"
      />
      <br />
      <span
        style="color: red;"
      />
      <br />
      <input
        aria-label="login"
        type="submit"
        value="LOGIN"
      />
    </form>
  </div>
</DocumentFragment>
`;
